// Jest Snapshot v1, https://goo.gl/fbAQLP

exports[`SettingsScreen should match to snapshot 1`] = `
<View
  style={
    Object {
      "alignItems": "center",
      "backgroundColor": "#2C2540",
      "flex": 1,
      "paddingTop": 50,
    }
  }
>
  <Text
    style={
      Object {
        "color": "#EE933F",
        "fontSize": 30,
      }
    }
  >
    Settings!
  </Text>
</View>
`;
